// Jest Snapshot v1, https://goo.gl/fbAQLP

exports[`Withdrawal Component  ❌ renders Withdrawal Component correctly' 1`] = `
<DocumentFragment>
  <div
    class="bg-white w-[35%] py-4 px-[2.5%] rounded"
  >
    <div
      class="w-full p-3 flex flex-row bg-[#062638] rounded-lg"
    >
      <div
        class="flex text-sm flex-col justify-start"
      >
        <p
          class="text-white font-thin mb-2 text-left"
        >
          Request Withdraw
        </p>
        <p
          class="text-white font-thin text-left md:text-xs text-[0.7rem]"
        >
          You can withdraw from your cowry account by paying into the wallet details given below.
        </p>
      </div>
      <img
        alt="logo_name_c"
        class="w-[65px] md:w-[90px]"
        src="deposit.png"
      />
    </div>
    <div
      class="flex flex-col items-center gap-6 mt-8 w-[100%]"
    >
      <div
        class="w-[100%] relative mb-2"
      >
        <input
          class="px-4 border-1 h-[45px] bg-[#EDEDED] text-black w-full md:w-[100%] text-xs  font-thin rounded"
          data-testid="form"
          maxlength="100"
          name="amount"
          placeholder="Withdraw Amount"
          type="text"
          value=""
        />
        <p
          class="text-[9px] text-[#414141] absolute top-[-0.5rem] md:top-[-0.9rem] px-1 left-0 md:left-0 bg-transparent"
        >
          Withdraw Amount
        </p>
        <p
          class="text-[9px] text-[#414141] px-1 text-right mb-[-1rem] bg-white"
        >
          Wallet balance:
          <span
            class="text-brand_primary_green"
          >
            NGN 3,000.00
          </span>
        </p>
      </div>
      <div
        class="w-[100%] relative mb-2"
      >
        <input
          class="px-4 border-1 h-[45px] bg-[#EDEDED] text-black w-full md:w-[100%] text-xs  font-thin rounded"
          data-testid="form"
          maxlength="100"
          name="bank"
          placeholder="Bank Name"
          type="text"
          value=""
        />
        <p
          class="text-[9px] text-[#414141] absolute top-[-0.5rem] md:top-[-0.9rem] px-1 left-0 md:left-0 bg-transparent"
        >
          Bank Name
        </p>
      </div>
      <div
        class="w-[100%] relative mb-2"
      >
        <input
          class="px-4 border-1 h-[45px] bg-[#EDEDED] text-black w-full md:w-[100%] text-xs  font-thin rounded"
          data-testid="form"
          maxlength="100"
          name="description"
          placeholder="Transaction Description"
          type="text"
          value=""
        />
        <p
          class="text-[9px] text-[#414141] absolute top-[-0.5rem] md:top-[-0.9rem] px-1 left-0 md:left-0 bg-transparent"
        >
          Transaction Description
        </p>
      </div>
      <div
        class="w-[100%] relative mb-2"
      >
        <input
          class="px-4 border-1 h-[45px] bg-[#EDEDED] text-black w-full md:w-[100%] text-xs  font-thin rounded"
          data-testid="form"
          maxlength="10"
          name="account_number"
          placeholder="Account Number"
          type="text"
          value=""
        />
        <p
          class="text-[9px] text-[#414141] absolute top-[-0.5rem] md:top-[-0.9rem] px-1 left-0 md:left-0 bg-transparent"
        >
          Account Number
        </p>
      </div>
      <div
        class="w-[100%] relative mb-2"
      >
        <input
          class="px-4 border-1 h-[45px] bg-[#EDEDED] text-black w-full md:w-[100%] text-xs  font-thin rounded"
          data-testid="form"
          maxlength="100"
          name="account_name"
          placeholder="Account Name"
          type="text"
          value=""
        />
        <p
          class="text-[9px] text-[#414141] absolute top-[-0.5rem] md:top-[-0.9rem] px-1 left-0 md:left-0 bg-transparent"
        >
          Account Name
        </p>
      </div>
      <div
        class="w-[100%] relative mb-2"
      >
        <input
          class="px-4 border-1 h-[45px] bg-[#EDEDED] text-black w-full md:w-[100%] text-xs  font-thin rounded"
          data-testid="form"
          maxlength="100"
          name="phone"
          placeholder="Phone Number"
          type="text"
          value=""
        />
        <p
          class="text-[9px] text-[#414141] absolute top-[-0.5rem] md:top-[-0.9rem] px-1 left-0 md:left-0 bg-transparent"
        >
          Phone Number
        </p>
      </div>
      <button
        class="bg-gray-300 text-black rounded px-4 py-2 text-xs"
        data-testid="submit_btn"
        disabled=""
      >
        Withdraw
      </button>
    </div>
  </div>
</DocumentFragment>
`;
